#-----------------------------------------------------------
# Vivado v2016.4 (64-bit)
# SW Build 1756540 on Mon Jan 23 19:11:23 MST 2017
# IP Build 1755317 on Mon Jan 23 20:30:07 MST 2017
# Start of session at: Wed Apr 12 22:01:54 2017
# Process ID: 40100
# Current directory: C:/Users/Matthew/SkyDrive/_school/spring 2017 UF/EEL4720 09BC Reconfig/project/EEL4720-Neural-Network-Project/test_projects/wrapper/wrapper.runs/synth_1
# Command line: vivado.exe -log user_app.vds -product Vivado -mode batch -messageDb vivado.pb -notrace -source user_app.tcl
# Log file: C:/Users/Matthew/SkyDrive/_school/spring 2017 UF/EEL4720 09BC Reconfig/project/EEL4720-Neural-Network-Project/test_projects/wrapper/wrapper.runs/synth_1/user_app.vds
# Journal file: C:/Users/Matthew/SkyDrive/_school/spring 2017 UF/EEL4720 09BC Reconfig/project/EEL4720-Neural-Network-Project/test_projects/wrapper/wrapper.runs/synth_1\vivado.jou
#-----------------------------------------------------------
source user_app.tcl -notrace
