#-----------------------------------------------------------
# Webtalk v2015.4 (64-bit)
# SW Build 1412921 on Wed Nov 18 09:44:32 MST 2015
# IP Build 1412160 on Tue Nov 17 13:47:24 MST 2015
# Start of session at: Mon Apr 10 20:28:13 2017
# Process ID: 19703
# Current directory: /home/nlandy/Documents/Reconfig/Project/neural_network/neural_network.sim/sim_1/impl/func
# Command line: wbtcv -mode batch -source /home/nlandy/Documents/Reconfig/Project/neural_network/neural_network.sim/sim_1/impl/func/xsim.dir/neuron_tb_func_impl/webtalk/xsim_webtalk.tcl -notrace
# Log file: /home/nlandy/Documents/Reconfig/Project/neural_network/neural_network.sim/sim_1/impl/func/webtalk.log
# Journal file: /home/nlandy/Documents/Reconfig/Project/neural_network/neural_network.sim/sim_1/impl/func/webtalk.jou
#-----------------------------------------------------------
source /home/nlandy/Documents/Reconfig/Project/neural_network/neural_network.sim/sim_1/impl/func/xsim.dir/neuron_tb_func_impl/webtalk/xsim_webtalk.tcl -notrace
