#-----------------------------------------------------------
# Webtalk v2015.4 (64-bit)
# SW Build 1412921 on Wed Nov 18 09:44:32 MST 2015
# IP Build 1412160 on Tue Nov 17 13:47:24 MST 2015
# Start of session at: Wed Apr 26 15:40:47 2017
# Process ID: 12396
# Current directory: /home/nlandy/Documents/Reconfig/Project/neural_network/neural_network.sim/sim_1/behav
# Command line: wbtcv -mode batch -source /home/nlandy/Documents/Reconfig/Project/neural_network/neural_network.sim/sim_1/behav/xsim.dir/neural_network_top_tb_behav/webtalk/xsim_webtalk.tcl -notrace
# Log file: /home/nlandy/Documents/Reconfig/Project/neural_network/neural_network.sim/sim_1/behav/webtalk.log
# Journal file: /home/nlandy/Documents/Reconfig/Project/neural_network/neural_network.sim/sim_1/behav/webtalk.jou
#-----------------------------------------------------------
source /home/nlandy/Documents/Reconfig/Project/neural_network/neural_network.sim/sim_1/behav/xsim.dir/neural_network_top_tb_behav/webtalk/xsim_webtalk.tcl -notrace
